2026-05-26 23:02:55,968 - PCAuthSystem - ERROR - Failed to save settings: 'PCAuthSystem' object has no attribute 'settings'
2026-05-26 23:02:56,047 - PCAuthSystem - ERROR - Failed to determine peer role: name 'psutil' is not defined
2026-05-26 23:02:56,047 - PCAuthSystem - ERROR - Failed to get local peer info: PeerInfo.__init__() missing 2 required positional arguments: 'created_at' and 'last_seen'
2026-05-26 23:03:06,705 - PCAuthSystem - ERROR - Failed to save settings: 'PCAuthSystem' object has no attribute 'settings'
2026-05-26 23:03:06,755 - PCAuthSystem - ERROR - Failed to determine peer role: name 'psutil' is not defined
2026-05-26 23:03:06,755 - PCAuthSystem - ERROR - Failed to get local peer info: PeerInfo.__init__() missing 2 required positional arguments: 'created_at' and 'last_seen'
2026-05-26 23:06:13,438 - PCAuthSystem - ERROR - Failed to save settings: 'PCAuthSystem' object has no attribute 'settings'
2026-05-26 23:06:13,509 - PCAuthSystem - ERROR - Failed to determine peer role: name 'psutil' is not defined
2026-05-26 23:06:13,510 - PCAuthSystem - ERROR - Failed to get local peer info: PeerInfo.__init__() missing 2 required positional arguments: 'created_at' and 'last_seen'
2026-05-26 23:06:55,671 - PCAuthSystem - ERROR - Failed to save settings: 'PCAuthSystem' object has no attribute 'settings'
2026-05-26 23:06:55,734 - PCAuthSystem - ERROR - Failed to determine peer role: name 'psutil' is not defined
2026-05-26 23:06:55,735 - PCAuthSystem - INFO - Loaded 0 peers from database
2026-05-26 23:06:55,735 - PCAuthSystem - INFO - Loaded 0 trusted peers
2026-05-26 23:06:55,736 - PCAuthSystem - INFO - Loaded 0 blocked peers
2026-05-26 23:06:55,745 - PCAuthSystem - INFO - PC Auth System initialized with 1 known peers
2026-05-26 23:06:55,745 - PCAuthSystem - INFO - PC Auth System initialized - Role: peer
2026-05-26 23:06:55,764 - PCAuthSystem - INFO - Network discovery service started
2026-05-26 23:07:21,011 - PCAuthSystem - ERROR - Failed to save settings: 'PCAuthSystem' object has no attribute 'settings'
2026-05-26 23:07:21,061 - PCAuthSystem - ERROR - Failed to determine peer role: name 'psutil' is not defined
2026-05-26 23:07:21,062 - PCAuthSystem - INFO - Loaded 1 peers from database
2026-05-26 23:07:21,062 - PCAuthSystem - INFO - Loaded 0 trusted peers
2026-05-26 23:07:21,062 - PCAuthSystem - INFO - Loaded 0 blocked peers
2026-05-26 23:07:21,071 - PCAuthSystem - INFO - PC Auth System initialized with 2 known peers
2026-05-26 23:07:21,071 - PCAuthSystem - INFO - PC Auth System initialized - Role: peer
2026-05-26 23:07:21,073 - PCAuthSystem - INFO - Network discovery service started
2026-05-26 23:41:43,948 - PCAuthSystem - ERROR - Failed to save settings: 'PCAuthSystem' object has no attribute 'settings'
2026-05-26 23:41:44,026 - PCAuthSystem - ERROR - Failed to determine peer role: name 'psutil' is not defined
2026-05-26 23:41:44,026 - PCAuthSystem - INFO - Loaded 2 peers from database
2026-05-26 23:41:44,027 - PCAuthSystem - INFO - Loaded 0 trusted peers
2026-05-26 23:41:44,027 - PCAuthSystem - INFO - Loaded 0 blocked peers
2026-05-26 23:41:44,057 - PCAuthSystem - INFO - PC Auth System initialized with 3 known peers
2026-05-26 23:41:44,057 - PCAuthSystem - INFO - PC Auth System initialized - Role: peer
2026-05-26 23:41:44,057 - PCAuthSystem - INFO - Network discovery service started
2026-05-26 23:45:55,030 - PCAuthSystem - INFO - Discovered 0 peers on subnet
2026-05-26 23:50:35,028 - PCAuthSystem - INFO - Discovered 0 peers on subnet
2026-05-26 23:57:33,173 - PCAuthSystem - ERROR - Failed to save settings: 'PCAuthSystem' object has no attribute 'settings'
2026-05-26 23:57:33,233 - PCAuthSystem - ERROR - Failed to determine peer role: name 'psutil' is not defined
2026-05-26 23:57:33,234 - PCAuthSystem - INFO - Loaded 3 peers from database
2026-05-26 23:57:33,234 - PCAuthSystem - INFO - Loaded 0 trusted peers
2026-05-26 23:57:33,234 - PCAuthSystem - INFO - Loaded 0 blocked peers
2026-05-26 23:57:33,262 - PCAuthSystem - INFO - PC Auth System initialized with 4 known peers
2026-05-26 23:57:33,263 - PCAuthSystem - INFO - PC Auth System initialized - Role: peer
2026-05-26 23:57:33,265 - PCAuthSystem - INFO - Network discovery service started
2026-05-26 23:57:37,698 - PCAuthSystem - ERROR - Failed to save settings: 'PCAuthSystem' object has no attribute 'settings'
2026-05-26 23:57:37,761 - PCAuthSystem - ERROR - Failed to determine peer role: name 'psutil' is not defined
2026-05-26 23:57:37,762 - PCAuthSystem - INFO - Loaded 4 peers from database
2026-05-26 23:57:37,762 - PCAuthSystem - INFO - Loaded 0 trusted peers
2026-05-26 23:57:37,763 - PCAuthSystem - INFO - Loaded 0 blocked peers
2026-05-26 23:57:37,781 - PCAuthSystem - INFO - PC Auth System initialized with 5 known peers
2026-05-26 23:57:37,781 - PCAuthSystem - INFO - PC Auth System initialized - Role: peer
2026-05-26 23:57:49,082 - PCAuthSystem - ERROR - Failed to save settings: 'PCAuthSystem' object has no attribute 'settings'
2026-05-26 23:57:49,146 - PCAuthSystem - ERROR - Failed to determine peer role: name 'psutil' is not defined
2026-05-26 23:57:49,146 - PCAuthSystem - INFO - Loaded 5 peers from database
2026-05-26 23:57:49,147 - PCAuthSystem - INFO - Loaded 0 trusted peers
2026-05-26 23:57:49,147 - PCAuthSystem - INFO - Loaded 0 blocked peers
2026-05-26 23:57:49,177 - PCAuthSystem - INFO - PC Auth System initialized with 6 known peers
2026-05-26 23:57:49,177 - PCAuthSystem - INFO - PC Auth System initialized - Role: peer
2026-05-26 23:57:49,179 - PCAuthSystem - INFO - Network discovery service started
2026-05-26 23:58:27,714 - PCAuthSystem - ERROR - Failed to save settings: 'PCAuthSystem' object has no attribute 'settings'
2026-05-26 23:58:27,778 - PCAuthSystem - ERROR - Failed to determine peer role: name 'psutil' is not defined
2026-05-26 23:58:27,780 - PCAuthSystem - INFO - Loaded 6 peers from database
2026-05-26 23:58:27,780 - PCAuthSystem - INFO - Loaded 0 trusted peers
2026-05-26 23:58:27,781 - PCAuthSystem - INFO - Loaded 0 blocked peers
2026-05-26 23:58:27,792 - PCAuthSystem - INFO - PC Auth System initialized with 7 known peers
2026-05-26 23:58:27,792 - PCAuthSystem - INFO - PC Auth System initialized - Role: peer
2026-05-27 00:02:09,032 - PCAuthSystem - ERROR - Failed to save settings: 'PCAuthSystem' object has no attribute 'settings'
2026-05-27 00:02:09,097 - PCAuthSystem - ERROR - Failed to determine peer role: name 'psutil' is not defined
2026-05-27 00:02:09,098 - PCAuthSystem - INFO - Loaded 7 peers from database
2026-05-27 00:02:09,099 - PCAuthSystem - INFO - Loaded 0 trusted peers
2026-05-27 00:02:09,099 - PCAuthSystem - INFO - Loaded 0 blocked peers
2026-05-27 00:02:09,111 - PCAuthSystem - INFO - PC Auth System initialized with 8 known peers
2026-05-27 00:02:09,111 - PCAuthSystem - INFO - PC Auth System initialized - Role: peer
2026-05-27 00:02:09,114 - PCAuthSystem - INFO - Network discovery service started
2026-05-27 00:02:26,317 - PCAuthSystem - ERROR - Failed to save settings: 'PCAuthSystem' object has no attribute 'settings'
2026-05-27 00:02:26,392 - PCAuthSystem - ERROR - Failed to determine peer role: name 'psutil' is not defined
2026-05-27 00:02:26,393 - PCAuthSystem - INFO - Loaded 8 peers from database
2026-05-27 00:02:26,394 - PCAuthSystem - INFO - Loaded 0 trusted peers
2026-05-27 00:02:26,394 - PCAuthSystem - INFO - Loaded 0 blocked peers
2026-05-27 00:02:26,404 - PCAuthSystem - INFO - PC Auth System initialized with 9 known peers
2026-05-27 00:02:26,404 - PCAuthSystem - INFO - PC Auth System initialized - Role: peer
2026-05-27 00:02:31,133 - PCAuthSystem - INFO - Network discovery service stopped
2026-05-27 00:02:52,962 - PCAuthSystem - ERROR - Failed to save settings: 'PCAuthSystem' object has no attribute 'settings'
2026-05-27 00:02:53,027 - PCAuthSystem - ERROR - Failed to determine peer role: name 'psutil' is not defined
2026-05-27 00:02:53,028 - PCAuthSystem - INFO - Loaded 9 peers from database
2026-05-27 00:02:53,029 - PCAuthSystem - INFO - Loaded 0 trusted peers
2026-05-27 00:02:53,029 - PCAuthSystem - INFO - Loaded 0 blocked peers
2026-05-27 00:02:53,058 - PCAuthSystem - INFO - PC Auth System initialized with 10 known peers
2026-05-27 00:02:53,058 - PCAuthSystem - INFO - PC Auth System initialized - Role: peer
2026-05-27 00:02:53,061 - PCAuthSystem - INFO - Network discovery service started
2026-05-27 00:04:23,864 - PCAuthSystem - ERROR - Failed to save settings: 'PCAuthSystem' object has no attribute 'settings'
2026-05-27 00:04:23,936 - PCAuthSystem - ERROR - Failed to determine peer role: name 'psutil' is not defined
2026-05-27 00:04:23,937 - PCAuthSystem - INFO - Loaded 10 peers from database
2026-05-27 00:04:23,938 - PCAuthSystem - INFO - Loaded 0 trusted peers
2026-05-27 00:04:23,938 - PCAuthSystem - INFO - Loaded 0 blocked peers
2026-05-27 00:04:23,967 - PCAuthSystem - INFO - PC Auth System initialized with 11 known peers
2026-05-27 00:04:23,967 - PCAuthSystem - INFO - PC Auth System initialized - Role: peer
2026-05-27 00:04:23,971 - PCAuthSystem - INFO - Network discovery service started
2026-05-27 00:04:30,318 - PCAuthSystem - ERROR - Failed to save settings: 'PCAuthSystem' object has no attribute 'settings'
2026-05-27 00:04:30,382 - PCAuthSystem - ERROR - Failed to determine peer role: name 'psutil' is not defined
2026-05-27 00:04:30,383 - PCAuthSystem - INFO - Loaded 11 peers from database
2026-05-27 00:04:30,383 - PCAuthSystem - INFO - Loaded 0 trusted peers
2026-05-27 00:04:30,384 - PCAuthSystem - INFO - Loaded 0 blocked peers
2026-05-27 00:04:30,393 - PCAuthSystem - INFO - PC Auth System initialized with 12 known peers
2026-05-27 00:04:30,394 - PCAuthSystem - INFO - PC Auth System initialized - Role: peer
2026-05-27 00:04:32,340 - PCAuthSystem - INFO - Network discovery service stopped
2026-05-27 00:04:52,069 - PCAuthSystem - ERROR - Failed to save settings: 'PCAuthSystem' object has no attribute 'settings'
2026-05-27 00:04:52,134 - PCAuthSystem - ERROR - Failed to determine peer role: name 'psutil' is not defined
2026-05-27 00:04:52,136 - PCAuthSystem - INFO - Loaded 12 peers from database
2026-05-27 00:04:52,136 - PCAuthSystem - INFO - Loaded 0 trusted peers
2026-05-27 00:04:52,136 - PCAuthSystem - INFO - Loaded 0 blocked peers
2026-05-27 00:04:52,146 - PCAuthSystem - INFO - PC Auth System initialized with 13 known peers
2026-05-27 00:04:52,146 - PCAuthSystem - INFO - PC Auth System initialized - Role: peer
2026-05-27 00:04:52,148 - PCAuthSystem - INFO - Network discovery service started
2026-05-27 00:05:50,094 - PCAuthSystem - ERROR - Failed to save settings: 'PCAuthSystem' object has no attribute 'settings'
2026-05-27 00:05:50,170 - PCAuthSystem - ERROR - Failed to determine peer role: name 'psutil' is not defined
2026-05-27 00:05:50,171 - PCAuthSystem - INFO - Loaded 13 peers from database
2026-05-27 00:05:50,172 - PCAuthSystem - INFO - Loaded 0 trusted peers
2026-05-27 00:05:50,172 - PCAuthSystem - INFO - Loaded 0 blocked peers
2026-05-27 00:05:50,199 - PCAuthSystem - INFO - PC Auth System initialized with 14 known peers
2026-05-27 00:05:50,199 - PCAuthSystem - INFO - PC Auth System initialized - Role: peer
2026-05-27 00:09:38,754 - PCAuthSystem - ERROR - Failed to save settings: 'PCAuthSystem' object has no attribute 'settings'
2026-05-27 00:09:38,819 - PCAuthSystem - ERROR - Failed to determine peer role: name 'psutil' is not defined
2026-05-27 00:09:38,819 - PCAuthSystem - INFO - Loaded 14 peers from database
2026-05-27 00:09:38,820 - PCAuthSystem - INFO - Loaded 0 trusted peers
2026-05-27 00:09:38,820 - PCAuthSystem - INFO - Loaded 0 blocked peers
2026-05-27 00:09:38,830 - PCAuthSystem - INFO - PC Auth System initialized with 15 known peers
2026-05-27 00:09:38,830 - PCAuthSystem - INFO - PC Auth System initialized - Role: peer
2026-05-27 00:09:38,833 - PCAuthSystem - INFO - Network discovery service started
2026-05-27 00:10:12,376 - PCAuthSystem - ERROR - Failed to save settings: 'PCAuthSystem' object has no attribute 'settings'
2026-05-27 00:10:12,434 - PCAuthSystem - ERROR - Failed to determine peer role: name 'psutil' is not defined
2026-05-27 00:10:12,435 - PCAuthSystem - INFO - Loaded 15 peers from database
2026-05-27 00:10:12,435 - PCAuthSystem - INFO - Loaded 0 trusted peers
2026-05-27 00:10:12,436 - PCAuthSystem - INFO - Loaded 0 blocked peers
2026-05-27 00:10:12,464 - PCAuthSystem - INFO - PC Auth System initialized with 16 known peers
2026-05-27 00:10:12,464 - PCAuthSystem - INFO - PC Auth System initialized - Role: peer
2026-05-27 00:10:12,467 - PCAuthSystem - INFO - Network discovery service started
2026-05-27 00:10:32,266 - PCAuthSystem - ERROR - Failed to save settings: 'PCAuthSystem' object has no attribute 'settings'
2026-05-27 00:10:32,334 - PCAuthSystem - ERROR - Failed to determine peer role: name 'psutil' is not defined
2026-05-27 00:10:32,335 - PCAuthSystem - INFO - Loaded 16 peers from database
2026-05-27 00:10:32,336 - PCAuthSystem - INFO - Loaded 0 trusted peers
2026-05-27 00:10:32,336 - PCAuthSystem - INFO - Loaded 0 blocked peers
2026-05-27 00:10:32,350 - PCAuthSystem - INFO - PC Auth System initialized with 17 known peers
2026-05-27 00:10:32,350 - PCAuthSystem - INFO - PC Auth System initialized - Role: peer
2026-05-27 00:10:35,231 - PCAuthSystem - INFO - Network discovery service stopped
2026-05-27 00:10:55,913 - PCAuthSystem - ERROR - Failed to save settings: 'PCAuthSystem' object has no attribute 'settings'
2026-05-27 00:10:55,976 - PCAuthSystem - ERROR - Failed to determine peer role: name 'psutil' is not defined
2026-05-27 00:10:55,976 - PCAuthSystem - INFO - Loaded 17 peers from database
2026-05-27 00:10:55,977 - PCAuthSystem - INFO - Loaded 0 trusted peers
2026-05-27 00:10:55,977 - PCAuthSystem - INFO - Loaded 0 blocked peers
2026-05-27 00:10:56,098 - PCAuthSystem - INFO - PC Auth System initialized with 18 known peers
2026-05-27 00:10:56,099 - PCAuthSystem - INFO - PC Auth System initialized - Role: peer
2026-05-27 00:10:56,101 - PCAuthSystem - INFO - Network discovery service started
2026-05-27 00:14:02,729 - PCAuthSystem - ERROR - Failed to save settings: 'PCAuthSystem' object has no attribute 'settings'
2026-05-27 00:14:02,794 - PCAuthSystem - ERROR - Failed to determine peer role: name 'psutil' is not defined
2026-05-27 00:14:02,795 - PCAuthSystem - INFO - Loaded 18 peers from database
2026-05-27 00:14:02,795 - PCAuthSystem - INFO - Loaded 0 trusted peers
2026-05-27 00:14:02,796 - PCAuthSystem - INFO - Loaded 0 blocked peers
2026-05-27 00:14:02,827 - PCAuthSystem - INFO - PC Auth System initialized with 19 known peers
2026-05-27 00:14:02,827 - PCAuthSystem - INFO - PC Auth System initialized - Role: peer
2026-05-27 00:14:02,829 - PCAuthSystem - INFO - Network discovery service started
2026-05-27 00:14:18,551 - PCAuthSystem - ERROR - Failed to save settings: 'PCAuthSystem' object has no attribute 'settings'
2026-05-27 00:14:18,624 - PCAuthSystem - ERROR - Failed to determine peer role: name 'psutil' is not defined
2026-05-27 00:14:18,625 - PCAuthSystem - INFO - Loaded 19 peers from database
2026-05-27 00:14:18,625 - PCAuthSystem - INFO - Loaded 0 trusted peers
2026-05-27 00:14:18,626 - PCAuthSystem - INFO - Loaded 0 blocked peers
2026-05-27 00:14:18,652 - PCAuthSystem - INFO - PC Auth System initialized with 20 known peers
2026-05-27 00:14:18,653 - PCAuthSystem - INFO - PC Auth System initialized - Role: peer
2026-05-27 00:14:44,348 - PCAuthSystem - ERROR - Failed to save settings: 'PCAuthSystem' object has no attribute 'settings'
2026-05-27 00:14:44,435 - PCAuthSystem - ERROR - Failed to determine peer role: name 'psutil' is not defined
2026-05-27 00:14:44,436 - PCAuthSystem - INFO - Loaded 20 peers from database
2026-05-27 00:14:44,437 - PCAuthSystem - INFO - Loaded 0 trusted peers
2026-05-27 00:14:44,437 - PCAuthSystem - INFO - Loaded 0 blocked peers
2026-05-27 00:14:44,465 - PCAuthSystem - INFO - PC Auth System initialized with 21 known peers
2026-05-27 00:14:44,465 - PCAuthSystem - INFO - PC Auth System initialized - Role: peer
2026-05-27 00:14:44,467 - PCAuthSystem - INFO - Network discovery service started
2026-05-27 00:16:25,287 - PCAuthSystem - ERROR - Failed to save settings: 'PCAuthSystem' object has no attribute 'settings'
2026-05-27 00:16:25,345 - PCAuthSystem - ERROR - Failed to determine peer role: name 'psutil' is not defined
2026-05-27 00:16:25,346 - PCAuthSystem - INFO - Loaded 21 peers from database
2026-05-27 00:16:25,346 - PCAuthSystem - INFO - Loaded 0 trusted peers
2026-05-27 00:16:25,346 - PCAuthSystem - INFO - Loaded 0 blocked peers
2026-05-27 00:16:25,396 - PCAuthSystem - INFO - PC Auth System initialized with 22 known peers
2026-05-27 00:16:25,396 - PCAuthSystem - INFO - PC Auth System initialized - Role: peer
2026-05-27 00:16:25,396 - PCAuthSystem - INFO - Network discovery service started
2026-05-27 00:16:55,378 - PCAuthSystem - ERROR - Failed to save settings: 'PCAuthSystem' object has no attribute 'settings'
2026-05-27 00:16:55,438 - PCAuthSystem - ERROR - Failed to determine peer role: name 'psutil' is not defined
2026-05-27 00:16:55,439 - PCAuthSystem - INFO - Loaded 22 peers from database
2026-05-27 00:16:55,440 - PCAuthSystem - INFO - Loaded 0 trusted peers
2026-05-27 00:16:55,440 - PCAuthSystem - INFO - Loaded 0 blocked peers
2026-05-27 00:16:55,450 - PCAuthSystem - INFO - PC Auth System initialized with 23 known peers
2026-05-27 00:16:55,450 - PCAuthSystem - INFO - PC Auth System initialized - Role: peer
2026-05-27 00:16:55,452 - PCAuthSystem - INFO - Network discovery service started
2026-05-27 00:20:42,623 - PCAuthSystem - ERROR - Failed to save settings: 'PCAuthSystem' object has no attribute 'settings'
2026-05-27 00:20:42,676 - PCAuthSystem - ERROR - Failed to determine peer role: name 'psutil' is not defined
2026-05-27 00:20:42,677 - PCAuthSystem - INFO - Loaded 23 peers from database
2026-05-27 00:20:42,678 - PCAuthSystem - INFO - Loaded 0 trusted peers
2026-05-27 00:20:42,678 - PCAuthSystem - INFO - Loaded 0 blocked peers
2026-05-27 00:20:42,706 - PCAuthSystem - INFO - PC Auth System initialized with 24 known peers
2026-05-27 00:20:42,706 - PCAuthSystem - INFO - PC Auth System initialized - Role: peer
2026-05-27 00:20:42,708 - PCAuthSystem - INFO - Network discovery service started
2026-05-27 00:20:58,454 - PCAuthSystem - ERROR - Failed to save settings: 'PCAuthSystem' object has no attribute 'settings'
2026-05-27 00:20:58,514 - PCAuthSystem - ERROR - Failed to determine peer role: name 'psutil' is not defined
2026-05-27 00:20:58,515 - PCAuthSystem - INFO - Loaded 24 peers from database
2026-05-27 00:20:58,515 - PCAuthSystem - INFO - Loaded 0 trusted peers
2026-05-27 00:20:58,516 - PCAuthSystem - INFO - Loaded 0 blocked peers
2026-05-27 00:20:58,559 - PCAuthSystem - INFO - PC Auth System initialized with 25 known peers
2026-05-27 00:20:58,559 - PCAuthSystem - INFO - PC Auth System initialized - Role: peer
2026-05-27 00:21:24,141 - PCAuthSystem - ERROR - Failed to save settings: 'PCAuthSystem' object has no attribute 'settings'
2026-05-27 00:21:24,210 - PCAuthSystem - ERROR - Failed to determine peer role: name 'psutil' is not defined
2026-05-27 00:21:24,211 - PCAuthSystem - INFO - Loaded 25 peers from database
2026-05-27 00:21:24,211 - PCAuthSystem - INFO - Loaded 0 trusted peers
2026-05-27 00:21:24,212 - PCAuthSystem - INFO - Loaded 0 blocked peers
2026-05-27 00:21:24,225 - PCAuthSystem - INFO - PC Auth System initialized with 26 known peers
2026-05-27 00:21:24,225 - PCAuthSystem - INFO - PC Auth System initialized - Role: peer
2026-05-27 00:21:24,228 - PCAuthSystem - INFO - Network discovery service started
2026-05-27 00:23:05,187 - PCAuthSystem - ERROR - Failed to save settings: 'PCAuthSystem' object has no attribute 'settings'
2026-05-27 00:23:05,265 - PCAuthSystem - ERROR - Failed to determine peer role: name 'psutil' is not defined
2026-05-27 00:23:05,266 - PCAuthSystem - INFO - Loaded 26 peers from database
2026-05-27 00:23:05,267 - PCAuthSystem - INFO - Loaded 0 trusted peers
2026-05-27 00:23:05,267 - PCAuthSystem - INFO - Loaded 0 blocked peers
2026-05-27 00:23:05,302 - PCAuthSystem - INFO - PC Auth System initialized with 27 known peers
2026-05-27 00:23:05,302 - PCAuthSystem - INFO - PC Auth System initialized - Role: peer
2026-05-27 00:23:05,303 - PCAuthSystem - INFO - Network discovery service started
2026-05-27 00:23:35,144 - PCAuthSystem - ERROR - Failed to save settings: 'PCAuthSystem' object has no attribute 'settings'
2026-05-27 00:23:35,200 - PCAuthSystem - ERROR - Failed to determine peer role: name 'psutil' is not defined
2026-05-27 00:23:35,202 - PCAuthSystem - INFO - Loaded 27 peers from database
2026-05-27 00:23:35,202 - PCAuthSystem - INFO - Loaded 0 trusted peers
2026-05-27 00:23:35,203 - PCAuthSystem - INFO - Loaded 0 blocked peers
2026-05-27 00:23:35,233 - PCAuthSystem - INFO - PC Auth System initialized with 28 known peers
2026-05-27 00:23:35,233 - PCAuthSystem - INFO - PC Auth System initialized - Role: peer
2026-05-27 00:23:35,236 - PCAuthSystem - INFO - Network discovery service started
2026-05-30 18:56:16,551 - PCAuthSystem - ERROR - Failed to save settings: 'PCAuthSystem' object has no attribute 'settings'
2026-05-30 18:56:16,604 - PCAuthSystem - ERROR - Failed to determine peer role: name 'psutil' is not defined
2026-05-30 18:56:16,605 - PCAuthSystem - INFO - Loaded 28 peers from database
2026-05-30 18:56:16,605 - PCAuthSystem - INFO - Loaded 0 trusted peers
2026-05-30 18:56:16,605 - PCAuthSystem - INFO - Loaded 0 blocked peers
2026-05-30 18:56:16,614 - PCAuthSystem - INFO - PC Auth System initialized with 29 known peers
2026-05-30 18:56:16,615 - PCAuthSystem - INFO - PC Auth System initialized - Role: peer
2026-05-30 18:56:16,619 - PCAuthSystem - INFO - Network discovery service started
