2026-05-26 23:04:26,972 - UnifiedLauncher - ERROR - Failed to save settings: 'UnifiedLauncher' object has no attribute 'settings'
2026-05-26 23:05:01,915 - UnifiedLauncher - ERROR - Failed to save settings: 'UnifiedLauncher' object has no attribute 'settings'
2026-05-26 23:05:37,825 - UnifiedLauncher - ERROR - Failed to save settings: 'UnifiedLauncher' object has no attribute 'settings'
2026-05-26 23:05:37,971 - UnifiedLauncher - INFO - Discovered 3 legacy tools
2026-05-26 23:05:37,971 - UnifiedLauncher - INFO - Registered 8 tools
2026-05-26 23:05:37,972 - UnifiedLauncher - INFO - Loaded states for 8 tools
2026-05-26 23:05:37,972 - UnifiedLauncher - INFO - Unified Launcher initialized
2026-05-26 23:06:55,778 - UnifiedLauncher - ERROR - Failed to save settings: 'UnifiedLauncher' object has no attribute 'settings'
2026-05-26 23:06:55,820 - UnifiedLauncher - INFO - Discovered 3 legacy tools
2026-05-26 23:06:55,821 - UnifiedLauncher - INFO - Registered 8 tools
2026-05-26 23:06:55,822 - UnifiedLauncher - INFO - Loaded states for 8 tools
2026-05-26 23:06:55,822 - UnifiedLauncher - INFO - Unified Launcher initialized
2026-05-26 23:07:21,085 - UnifiedLauncher - ERROR - Failed to save settings: 'UnifiedLauncher' object has no attribute 'settings'
2026-05-26 23:07:21,124 - UnifiedLauncher - INFO - Discovered 3 legacy tools
2026-05-26 23:07:21,124 - UnifiedLauncher - INFO - Registered 8 tools
2026-05-26 23:07:21,125 - UnifiedLauncher - INFO - Loaded states for 8 tools
2026-05-26 23:07:21,125 - UnifiedLauncher - INFO - Unified Launcher initialized
2026-05-26 23:57:33,295 - UnifiedLauncher - ERROR - Failed to save settings: 'UnifiedLauncher' object has no attribute 'settings'
2026-05-26 23:57:33,417 - UnifiedLauncher - INFO - Discovered 3 legacy tools
2026-05-26 23:57:33,417 - UnifiedLauncher - INFO - Registered 8 tools
2026-05-26 23:57:33,418 - UnifiedLauncher - INFO - Loaded states for 8 tools
2026-05-26 23:57:33,418 - UnifiedLauncher - INFO - Unified Launcher initialized
2026-05-26 23:57:34,172 - UnifiedLauncher - ERROR - Failed to save settings: 'UnifiedLauncher' object has no attribute 'settings'
2026-05-26 23:57:34,300 - UnifiedLauncher - INFO - Discovered 3 legacy tools
2026-05-26 23:57:34,300 - UnifiedLauncher - INFO - Registered 8 tools
2026-05-26 23:57:34,301 - UnifiedLauncher - INFO - Loaded states for 8 tools
2026-05-26 23:57:34,302 - UnifiedLauncher - INFO - Unified Launcher initialized
2026-05-26 23:57:49,211 - UnifiedLauncher - ERROR - Failed to save settings: 'UnifiedLauncher' object has no attribute 'settings'
2026-05-26 23:57:49,333 - UnifiedLauncher - INFO - Discovered 3 legacy tools
2026-05-26 23:57:49,333 - UnifiedLauncher - INFO - Registered 8 tools
2026-05-26 23:57:49,334 - UnifiedLauncher - INFO - Loaded states for 8 tools
2026-05-26 23:57:49,335 - UnifiedLauncher - INFO - Unified Launcher initialized
2026-05-27 00:02:09,131 - UnifiedLauncher - ERROR - Failed to save settings: 'UnifiedLauncher' object has no attribute 'settings'
2026-05-27 00:02:09,184 - UnifiedLauncher - INFO - Discovered 3 legacy tools
2026-05-27 00:02:09,184 - UnifiedLauncher - INFO - Registered 8 tools
2026-05-27 00:02:09,185 - UnifiedLauncher - INFO - Loaded states for 8 tools
2026-05-27 00:02:09,186 - UnifiedLauncher - INFO - Unified Launcher initialized
2026-05-27 00:02:10,562 - UnifiedLauncher - ERROR - Failed to save settings: 'UnifiedLauncher' object has no attribute 'settings'
2026-05-27 00:02:10,621 - UnifiedLauncher - INFO - Discovered 3 legacy tools
2026-05-27 00:02:10,621 - UnifiedLauncher - INFO - Registered 8 tools
2026-05-27 00:02:10,623 - UnifiedLauncher - INFO - Loaded states for 8 tools
2026-05-27 00:02:10,623 - UnifiedLauncher - INFO - Unified Launcher initialized
2026-05-27 00:02:53,095 - UnifiedLauncher - ERROR - Failed to save settings: 'UnifiedLauncher' object has no attribute 'settings'
2026-05-27 00:02:53,218 - UnifiedLauncher - INFO - Discovered 3 legacy tools
2026-05-27 00:02:53,218 - UnifiedLauncher - INFO - Registered 8 tools
2026-05-27 00:02:53,220 - UnifiedLauncher - INFO - Loaded states for 8 tools
2026-05-27 00:02:53,220 - UnifiedLauncher - INFO - Unified Launcher initialized
2026-05-27 00:04:24,005 - UnifiedLauncher - ERROR - Failed to save settings: 'UnifiedLauncher' object has no attribute 'settings'
2026-05-27 00:04:24,123 - UnifiedLauncher - INFO - Discovered 3 legacy tools
2026-05-27 00:04:24,124 - UnifiedLauncher - INFO - Registered 8 tools
2026-05-27 00:04:24,125 - UnifiedLauncher - INFO - Loaded states for 8 tools
2026-05-27 00:04:24,125 - UnifiedLauncher - INFO - Unified Launcher initialized
2026-05-27 00:04:24,866 - UnifiedLauncher - ERROR - Failed to save settings: 'UnifiedLauncher' object has no attribute 'settings'
2026-05-27 00:04:24,970 - UnifiedLauncher - INFO - Discovered 3 legacy tools
2026-05-27 00:04:24,970 - UnifiedLauncher - INFO - Registered 8 tools
2026-05-27 00:04:24,972 - UnifiedLauncher - INFO - Loaded states for 8 tools
2026-05-27 00:04:24,972 - UnifiedLauncher - INFO - Unified Launcher initialized
2026-05-27 00:04:52,162 - UnifiedLauncher - ERROR - Failed to save settings: 'UnifiedLauncher' object has no attribute 'settings'
2026-05-27 00:04:52,208 - UnifiedLauncher - INFO - Discovered 3 legacy tools
2026-05-27 00:04:52,208 - UnifiedLauncher - INFO - Registered 8 tools
2026-05-27 00:04:52,210 - UnifiedLauncher - INFO - Loaded states for 8 tools
2026-05-27 00:04:52,210 - UnifiedLauncher - INFO - Unified Launcher initialized
2026-05-27 00:09:38,849 - UnifiedLauncher - ERROR - Failed to save settings: 'UnifiedLauncher' object has no attribute 'settings'
2026-05-27 00:09:38,893 - UnifiedLauncher - INFO - Discovered 3 legacy tools
2026-05-27 00:09:38,894 - UnifiedLauncher - INFO - Registered 8 tools
2026-05-27 00:09:38,895 - UnifiedLauncher - INFO - Loaded states for 8 tools
2026-05-27 00:09:38,895 - UnifiedLauncher - INFO - Unified Launcher initialized
2026-05-27 00:10:12,550 - UnifiedLauncher - ERROR - Failed to save settings: 'UnifiedLauncher' object has no attribute 'settings'
2026-05-27 00:10:12,675 - UnifiedLauncher - INFO - Discovered 3 legacy tools
2026-05-27 00:10:12,676 - UnifiedLauncher - INFO - Registered 8 tools
2026-05-27 00:10:12,677 - UnifiedLauncher - INFO - Loaded states for 8 tools
2026-05-27 00:10:12,677 - UnifiedLauncher - INFO - Unified Launcher initialized
2026-05-27 00:10:24,519 - UnifiedLauncher - ERROR - Failed to save settings: 'UnifiedLauncher' object has no attribute 'settings'
2026-05-27 00:10:24,740 - UnifiedLauncher - INFO - Discovered 3 legacy tools
2026-05-27 00:10:24,740 - UnifiedLauncher - INFO - Registered 8 tools
2026-05-27 00:10:24,742 - UnifiedLauncher - INFO - Loaded states for 8 tools
2026-05-27 00:10:24,742 - UnifiedLauncher - INFO - Unified Launcher initialized
2026-05-27 00:10:56,245 - UnifiedLauncher - ERROR - Failed to save settings: 'UnifiedLauncher' object has no attribute 'settings'
2026-05-27 00:10:56,312 - UnifiedLauncher - INFO - Discovered 3 legacy tools
2026-05-27 00:10:56,312 - UnifiedLauncher - INFO - Registered 8 tools
2026-05-27 00:10:56,315 - UnifiedLauncher - INFO - Loaded states for 8 tools
2026-05-27 00:10:56,315 - UnifiedLauncher - INFO - Unified Launcher initialized
2026-05-27 00:14:02,865 - UnifiedLauncher - ERROR - Failed to save settings: 'UnifiedLauncher' object has no attribute 'settings'
2026-05-27 00:14:02,984 - UnifiedLauncher - INFO - Discovered 3 legacy tools
2026-05-27 00:14:02,985 - UnifiedLauncher - INFO - Registered 8 tools
2026-05-27 00:14:02,986 - UnifiedLauncher - INFO - Loaded states for 8 tools
2026-05-27 00:14:02,986 - UnifiedLauncher - INFO - Unified Launcher initialized
2026-05-27 00:14:10,250 - UnifiedLauncher - ERROR - Failed to save settings: 'UnifiedLauncher' object has no attribute 'settings'
2026-05-27 00:14:10,379 - UnifiedLauncher - INFO - Discovered 3 legacy tools
2026-05-27 00:14:10,379 - UnifiedLauncher - INFO - Registered 8 tools
2026-05-27 00:14:10,380 - UnifiedLauncher - INFO - Loaded states for 8 tools
2026-05-27 00:14:10,380 - UnifiedLauncher - INFO - Unified Launcher initialized
2026-05-27 00:14:44,529 - UnifiedLauncher - ERROR - Failed to save settings: 'UnifiedLauncher' object has no attribute 'settings'
2026-05-27 00:14:44,603 - UnifiedLauncher - INFO - Discovered 3 legacy tools
2026-05-27 00:14:44,603 - UnifiedLauncher - INFO - Registered 8 tools
2026-05-27 00:14:44,605 - UnifiedLauncher - INFO - Loaded states for 8 tools
2026-05-27 00:14:44,605 - UnifiedLauncher - INFO - Unified Launcher initialized
2026-05-27 00:16:55,466 - UnifiedLauncher - ERROR - Failed to save settings: 'UnifiedLauncher' object has no attribute 'settings'
2026-05-27 00:16:55,509 - UnifiedLauncher - INFO - Discovered 3 legacy tools
2026-05-27 00:16:55,509 - UnifiedLauncher - INFO - Registered 8 tools
2026-05-27 00:16:55,510 - UnifiedLauncher - INFO - Loaded states for 8 tools
2026-05-27 00:16:55,510 - UnifiedLauncher - INFO - Unified Launcher initialized
2026-05-27 00:20:42,740 - UnifiedLauncher - ERROR - Failed to save settings: 'UnifiedLauncher' object has no attribute 'settings'
2026-05-27 00:20:42,857 - UnifiedLauncher - INFO - Discovered 3 legacy tools
2026-05-27 00:20:42,857 - UnifiedLauncher - INFO - Registered 8 tools
2026-05-27 00:20:42,858 - UnifiedLauncher - INFO - Loaded states for 8 tools
2026-05-27 00:20:42,858 - UnifiedLauncher - INFO - Unified Launcher initialized
2026-05-27 00:20:50,211 - UnifiedLauncher - ERROR - Failed to save settings: 'UnifiedLauncher' object has no attribute 'settings'
2026-05-27 00:20:50,304 - UnifiedLauncher - INFO - Discovered 3 legacy tools
2026-05-27 00:20:50,304 - UnifiedLauncher - INFO - Registered 8 tools
2026-05-27 00:20:50,307 - UnifiedLauncher - INFO - Loaded states for 8 tools
2026-05-27 00:20:50,307 - UnifiedLauncher - INFO - Unified Launcher initialized
2026-05-27 00:21:24,244 - UnifiedLauncher - ERROR - Failed to save settings: 'UnifiedLauncher' object has no attribute 'settings'
2026-05-27 00:21:24,294 - UnifiedLauncher - INFO - Discovered 3 legacy tools
2026-05-27 00:21:24,294 - UnifiedLauncher - INFO - Registered 8 tools
2026-05-27 00:21:24,295 - UnifiedLauncher - INFO - Loaded states for 8 tools
2026-05-27 00:21:24,295 - UnifiedLauncher - INFO - Unified Launcher initialized
2026-05-27 00:23:35,271 - UnifiedLauncher - ERROR - Failed to save settings: 'UnifiedLauncher' object has no attribute 'settings'
2026-05-27 00:23:35,394 - UnifiedLauncher - INFO - Discovered 3 legacy tools
2026-05-27 00:23:35,394 - UnifiedLauncher - INFO - Registered 8 tools
2026-05-27 00:23:35,395 - UnifiedLauncher - INFO - Loaded states for 8 tools
2026-05-27 00:23:35,396 - UnifiedLauncher - INFO - Unified Launcher initialized
2026-05-30 18:55:53,725 - UnifiedLauncher - ERROR - Failed to save settings: 'UnifiedLauncher' object has no attribute 'settings'
2026-05-30 18:55:53,803 - UnifiedLauncher - INFO - Discovered 3 legacy tools
2026-05-30 18:55:53,803 - UnifiedLauncher - INFO - Registered 8 tools
2026-05-30 18:55:53,804 - UnifiedLauncher - INFO - Loaded states for 8 tools
2026-05-30 18:55:53,804 - UnifiedLauncher - INFO - Unified Launcher initialized
2026-05-30 18:56:16,632 - UnifiedLauncher - ERROR - Failed to save settings: 'UnifiedLauncher' object has no attribute 'settings'
2026-05-30 18:56:16,673 - UnifiedLauncher - INFO - Discovered 3 legacy tools
2026-05-30 18:56:16,673 - UnifiedLauncher - INFO - Registered 8 tools
2026-05-30 18:56:16,674 - UnifiedLauncher - INFO - Loaded states for 8 tools
2026-05-30 18:56:16,674 - UnifiedLauncher - INFO - Unified Launcher initialized
2026-06-02 15:47:40,210 - UnifiedLauncher - ERROR - Failed to save settings: 'UnifiedLauncher' object has no attribute 'settings'
2026-06-02 15:47:40,262 - UnifiedLauncher - INFO - Discovered 3 legacy tools
2026-06-02 15:47:40,262 - UnifiedLauncher - INFO - Registered 8 tools
2026-06-02 15:47:40,264 - UnifiedLauncher - INFO - Loaded states for 8 tools
2026-06-02 15:47:40,264 - UnifiedLauncher - INFO - Unified Launcher initialized
2026-06-02 15:47:42,269 - UnifiedLauncher - INFO - Tool Streamlined Dashboard started successfully (PID: 28112)
2026-06-02 15:47:44,275 - UnifiedLauncher - INFO - Tool PC Authentication GUI started successfully (PID: 6656)
2026-06-02 15:47:46,278 - UnifiedLauncher - INFO - Tool Streamlined Dashboard started successfully (PID: 27452)
2026-06-02 15:47:46,290 - UnifiedLauncher - INFO - Successfully started tool: Streamlined Dashboard
2026-06-02 15:47:51,309 - UnifiedLauncher - INFO - Tool Streamlined Dashboard stopped successfully
